C51 COMPILER V9.59.0.0   USERIO                                                            02/28/2024 20:32:40 PAGE 1   


C51 COMPILER V9.59.0.0, COMPILATION OF MODULE USERIO
OBJECT MODULE PLACED IN .\Objects\UserIO.obj
COMPILER INVOKED BY: C:\Keil_v5\C51\BIN\C51.EXE UserIO.c LARGE OPTIMIZE(8,SPEED) BROWSE INCDIR(.\BIG8051\Include) DEBUG 
                    -OBJECTEXTEND PRINT(.\Listings\UserIO.lst) TABS(2) OBJECT(.\Objects\UserIO.obj)

line level    source

   1          #include <c8051F040.h>            // declaratii SFR
   2          #include <osc.h>
   3          #include <Protocol.h>
   4          #include <uart0.h>
   5          #include <lcd.h>
   6          #include <keyb.h>
   7          #include <UserIO.h>
   8          
   9          void Afisare_meniu(void);         // afisare meniu initial
  10          void Afisare_mesaj(void);         // afisare mesaj receptionat
  11          void Error(char *ptr);            // afisare mesaj de eroare
  12          
  13          unsigned char TERM_Input(void);
  14          unsigned char AFISARE = 1;
  15          
  16          extern unsigned char LCD_line,LCD_col;
  17          
  18          //********************************************************************************************************
             -***
  19          extern unsigned char ADR_MASTER;
  20          extern unsigned char TIP_NOD;
  21          extern unsigned char STARE_IO;
  22          extern nod retea[];
  23          
  24          //********************************************************************************************************
             -***
  25          void UserIO(void){          // interfata cu utilizatorul
  26   1        static unsigned char tasta, cmd, dest, lng; // variabile locale statice
  27   1        
  28   1        if(0 == (tasta = TERM_Input())){
  29   2          tasta = KEYB_Input();
  30   2          if(tasta) LCD_Putch(tasta);
  31   2        }
  32   1        if(tasta){
  33   2          
  34   2          switch(STARE_IO){
  35   3            
  36   3            case 0: switch(tasta){                  
  37   4              
  38   4                    case '1':                       // s-a dat comanda de transmisie mesaj                
  39   4                                                    // afiseaza Tx Msg:> Nod = 
  40   4                                                    // blocheaza afisarea (AFISARE = 0)
  41   4                                                    // trece in starea 1
  42   4                                                    // comanda este '1'
  43   4                        break;
  44   4                    
  45   4                    case '2':                       // s-a dat comanda de afisare Stare Nod:
  46   4                      
  47   4                                                    // blocheaza afisarea (AFISARE = 0)
  48   4                                                    // trece in starea 1
  49   4                                                    // comanda este '2'
  50   4                    default: break;
  51   4                  }
  52   3                  break;
C51 COMPILER V9.59.0.0   USERIO                                                            02/28/2024 20:32:40 PAGE 2   

  53   3                        
  54   3            case 1:                         // s-a selectat nodul               
  55   3                                            
  56   3                                            // daca comanda e '1' si adresa e intre '0' - '4', mai putin adresa proprie
  57   3                                              // extrage dest din tasta
  58   3                                              // Daca este deja un mesaj in buffer ...
  59   3                                              // afiseaza Buffer plin
  60   3            
  61   3                                              // trece in starea 0, s-a terminat tratarea comenzii '1'
  62   3                                              // afisare meniu
  63   3                                                
  64   3                                            // altfel ...
  65   3                                              // daca nodul e master
  66   3                                                // pune in bufferul dest adresa hw dest egala cu dest
  67   3                                              // altfel ...
  68   3                                                // pune in bufferul dest adresa hw dest egala cu ADR_MASTER
  69   3                      
  70   3                                              // pune in bufferul dest adresa hw sursa  egala cu ADR_NOD
  71   3                                              // pune in bufferul dest adresa nodului sursa ADR_NOD
  72   3                                              // pune in bufferul dest adresa nodului destinatie (dest)
  73   3                                              // cere introducerea mesajului
  74   3            
  75   3                                              // initializeaza lng = 0 
  76   3                                              // trece in starea 2, sa astepte caracterele mesajului
  77   3                                        
  78   3                                      
  79   3                                          // daca comanda e '2' si adresa e intre '0'-'4'
  80   3                                            // extrage dest din tasta
  81   3                                            // Daca este deja un mesaj in buffer ...
  82   3                                              // Afiseaza Buffer plin
  83   3                                              
  84   3                                            // altfel
  85   3                                              // Afiseaza Buffer gol
  86   3                                              
  87   3                                            // trece in starea 0, s-a terminat tratarea comenzii
  88   3                                            // afisare meniu
  89   3                  break;
  90   3          
  91   3            case 2:                         // daca tasta e diferita de CR ('\r'), de NL ('\n') si de '*' si nu s-a ajuns la li
             -mita maxima a bufferului de caractere
  92   3                                            // stocheaza codul tastei apasate in bufferul de date si incrementeaza lng
  93   3                                          // daca s-a atins nr maxim de caractere sau s-a apasat Enter ('\r') sau ('\n') sau '*'
  94   3                                            // stocheaza lng
  95   3                                            // pune in bufbin tipul mesajului (USER_MES)
  96   3                                            // marcheaza buffer plin
  97   3                                            // trece in starea 0, s-a terminat tratarea comenzii
  98   3                                            // afisare meniu
  99   3        
 100   3                  break;  
 101   3        
 102   3          }
 103   2        }
 104   1      }
*** WARNING C280 IN LINE 26 OF UserIO.c: 'cmd': unreferenced local variable
*** WARNING C280 IN LINE 26 OF UserIO.c: 'dest': unreferenced local variable
*** WARNING C280 IN LINE 26 OF UserIO.c: 'lng': unreferenced local variable
 105          
 106          //********************************************************************************************************
             -***
 107          void Afisare_meniu(void){               // afisare meniu initial
 108   1        AFISARE = 1;
 109   1        UART0_Putstr("\n\rTema ");
C51 COMPILER V9.59.0.0   USERIO                                                            02/28/2024 20:32:40 PAGE 3   

 110   1        LCD_PutStr(0,0,"T");
 111   1        UART0_Putch(TEMA + '0');
 112   1        LCD_Putch(TEMA + '0');
 113   1        
 114   1      #if(PROTOCOL == MS)
 115   1        if(TIP_NOD == MASTER){
 116   2          UART0_Putstr(" Master "); // daca programul se executa pe nodul master
 117   2          LCD_PutStr(LCD_line, LCD_col, " Master:");
 118   2        }
 119   1        else{ 
 120   2          UART0_Putstr(" Slave ");            // daca programul se executa pe un nod slave
 121   2          LCD_PutStr(LCD_line, LCD_col, " Slave:");
 122   2        }
 123   1      #elif(PROTOCOL == JT)
                if(TIP_NOD == JETON){
                  UART0_Putstr(" Jeton ");
                  LCD_PutStr(LCD_line, LCD_col, " Jeton:");
                }
                else{
                  UART0_Putstr(" NoJet ");
                  LCD_PutStr(LCD_line, LCD_col, "NoJet:");
                }
              #endif
 133   1        
 134   1        UART0_Putch(ADR_NOD + '0');           // afiseaza adresa nodului
 135   1        LCD_Putch(ADR_NOD + '0');
 136   1      #if(TEMA == 1 || TEMA == 3)
                UART0_Putstr(":ASC" );                // afiseaza parametrii specifici temei
                LCD_PutStr(LCD_line, LCD_col, " ASC");
              #elif(TEMA == 2 || TEMA == 4)
 140   1        UART0_Putstr(":BIN" );
 141   1        LCD_PutStr(LCD_line, LCD_col, " BIN");
 142   1      #endif
 143   1        UART0_Putstr("\n\r> 1-TxM 2-Stare :>"); // meniul de comenzi
 144   1        LCD_PutStr(1,0, "1-TxM 2-Stare :>");
 145   1      }
 146          
 147          
 148          //********************************************************************************************************
             -***
 149          void Afisare_mesaj(void){             // afisare mesaj din bufferul de receptie i
 150   1        unsigned char j, lng, *ptr;
 151   1        if(retea[ADR_NOD].full){            // exista mesaj in bufferul de receptie?
 152   2          lng = retea[ADR_NOD].bufbin.lng;
 153   2          UART0_Putstr("\n\r>Rx: De la nodul ");
 154   2          LCD_DelLine(1);
 155   2          LCD_PutStr(1,0, "Rx: ");    
 156   2          UART0_Putch(retea[ADR_NOD].bufbin.src + '0');     // afiseaza adresa nodului sursa al mesajului
 157   2          LCD_Putch(retea[ADR_NOD].bufbin.src + '0');
 158   2          
 159   2          UART0_Putstr(": ");
 160   2          LCD_PutStr(LCD_line, LCD_col, ">: "); 
 161   2          
 162   2          for(j = 0, ptr = retea[ADR_NOD].bufbin.date; j < lng; j++) UART0_Putch(*ptr++); // afiseaza mesajul, car
             -acter cu caracter
 163   2          for(j = 0, ptr = retea[ADR_NOD].bufbin.date; j < lng; j++) LCD_Putch(*ptr++);   // afiseaza mesajul, cara
             -cter cu caracter
 164   2      
 165   2          retea[ADR_NOD].full = 0;          // mesajul a fost afisat, marcheaza buffer gol
 166   2        }
 167   1      }
 168          
C51 COMPILER V9.59.0.0   USERIO                                                            02/28/2024 20:32:40 PAGE 4   

 169          //********************************************************************************************************
             -***
 170          void Error(char *ptr){
 171   1        if(AFISARE){
 172   2          UART0_Putstr(ptr);
 173   2          LCD_DelLine(1);
 174   2          LCD_PutStr(1,0, ptr+2);
 175   2        }
 176   1      }
 177          
 178          unsigned char TERM_Input(void){
 179   1      
 180   1        unsigned char ch, SFRPAGE_save = SFRPAGE;
 181   1        
 182   1        SFRPAGE = LEGACY_PAGE;
 183   1        
 184   1        ch = 0;
 185   1        if(RI0) ch = UART0_Getch(1);
 186   1        
 187   1        SFRPAGE = SFRPAGE_save;
 188   1        
 189   1        return ch;
 190   1      }


MODULE INFORMATION:   STATIC OVERLAYABLE
   CODE SIZE        =    504    ----
   CONSTANT SIZE    =    124    ----
   XDATA SIZE       =      5       9
   PDATA SIZE       =   ----    ----
   DATA SIZE        =   ----    ----
   IDATA SIZE       =   ----    ----
   BIT SIZE         =   ----    ----
END OF MODULE INFORMATION.


C51 COMPILATION COMPLETE.  3 WARNING(S),  0 ERROR(S)
